c_interface/caxcpy.c
c_interface/cch1dn.c
c_interface/cch1up.c
c_interface/cchdex.c
c_interface/cchinx.c
c_interface/cchshx.c
c_interface/cgqvec.c
c_interface/clu1up.c
c_interface/clup1up.c
c_interface/cqhqr.c
c_interface/cqr1up.c
c_interface/cqrdec.c
c_interface/cqrder.c
c_interface/cqrinc.c
c_interface/cqrinr.c
c_interface/cqrot.c
c_interface/cqrqh.c
c_interface/cqrshc.c
c_interface/cqrtv1.c
c_interface/dch1dn.c
c_interface/dch1up.c
c_interface/dchdex.c
c_interface/dchinx.c
c_interface/dchshx.c
c_interface/dgqvec.c
c_interface/dlu1up.c
c_interface/dlup1up.c
c_interface/dqhqr.c
c_interface/dqr1up.c
c_interface/dqrdec.c
c_interface/dqrder.c
c_interface/dqrinc.c
c_interface/dqrinr.c
c_interface/dqrot.c
c_interface/dqrqh.c
c_interface/dqrshc.c
c_interface/dqrtv1.c
c_interface/sch1dn.c
c_interface/sch1up.c
c_interface/schdex.c
c_interface/schinx.c
c_interface/schshx.c
c_interface/sgqvec.c
c_interface/slu1up.c
c_interface/slup1up.c
c_interface/sqhqr.c
c_interface/sqr1up.c
c_interface/sqrdec.c
c_interface/sqrder.c
c_interface/sqrinc.c
c_interface/sqrinr.c
c_interface/sqrot.c
c_interface/sqrqh.c
c_interface/sqrshc.c
c_interface/sqrtv1.c
c_interface/zaxcpy.c
c_interface/zch1dn.c
c_interface/zch1up.c
c_interface/zchdex.c
c_interface/zchinx.c
c_interface/zchshx.c
c_interface/zgqvec.c
c_interface/zlu1up.c
c_interface/zlup1up.c
c_interface/zqhqr.c
c_interface/zqr1up.c
c_interface/zqrdec.c
c_interface/zqrder.c
c_interface/zqrinc.c
c_interface/zqrinr.c
c_interface/zqrot.c
c_interface/zqrqh.c
c_interface/zqrshc.c
c_interface/zqrtv1.c
